// Jest Snapshot v1, https://goo.gl/fbAQLP

exports[`SitewideLinks should render correctly 1`] = `
.c5 {
  padding: 0.5rem 0 0.5rem;
  color: #FFFFFF;
  font-weight: 700;
  -webkit-text-decoration: none;
  text-decoration: none;
  display: block;
}

.c8 {
  padding: 0.5rem 0 0.5rem;
  color: #FFFFFF;
  font-weight: 700;
  -webkit-text-decoration: none;
  text-decoration: none;
  display: inline;
}

.c4:hover .c6,
.c4:focus .c6 {
  -webkit-text-decoration: underline;
  text-decoration: underline;
}

.c2 {
  border-bottom: 1px solid #3F3F42;
  list-style-type: none;
  margin: 0;
  padding: 0 0 0.5rem;
  -webkit-column-count: 3;
  column-count: 3;
}

.c2 > li:first-child {
  border-bottom: 1px solid #3F3F42;
  padding: 0.5rem 0;
  margin-bottom: 0.5rem;
  grid-column: 1/-1;
  width: 100%;
  -webkit-column-span: all;
  column-span: all;
}

.c3 {
  min-width: 50%;
  -webkit-column-gap: 1rem;
  column-gap: 1rem;
}

.c0 {
  background-color: #222222;
  font-size: 0.875rem;
  line-height: 1rem;
  font-family: ReithSans,Helvetica,Arial,sans-serif;
  font-weight: 400;
  font-style: normal;
}

.c1 {
  max-width: 80rem;
  margin: 0 auto;
}

.c7 {
  color: #FFFFFF;
  margin: 0;
  padding: 1rem 0;
}

@supports (grid-template-columns:fit-content(200px)) {
  .c2 {
    display: grid;
    grid-auto-flow: column;
  }
}

@media (max-width:14.9375rem) {
  .c2 {
    grid-auto-flow: row;
    -webkit-column-count: 1;
    column-count: 1;
  }
}

@media (min-width:15rem) and (max-width:37.4375rem) {
  .c2 {
    grid-column-gap: 0.5rem;
    grid-template-columns: repeat(2,1fr);
    grid-template-rows: repeat( 4,auto );
    -webkit-column-count: 2;
    column-count: 2;
  }
}

@media (min-width:37.5rem) and (max-width:62.9375rem) {
  .c2 {
    grid-column-gap: 1rem;
    grid-template-columns: repeat(3,1fr);
    grid-template-rows: repeat( 3,auto );
    -webkit-column-count: 3;
    column-count: 3;
  }
}

@media (min-width:63rem) and (max-width:80rem) {
  .c2 {
    grid-column-gap: 1rem;
    grid-template-columns: repeat(4,1fr);
    grid-template-rows: repeat( 3,auto );
    -webkit-column-count: 3;
    column-count: 3;
  }
}

@media (min-width:80rem) {
  .c2 {
    grid-column-gap: 1rem;
    grid-template-columns: repeat(5,1fr);
    grid-template-rows: repeat( 3,auto );
    -webkit-column-count: 3;
    column-count: 3;
  }
}

@media (max-width:25rem) {
  .c0 {
    padding: 0 0.5rem;
  }
}

@media (min-width:25rem) {
  .c0 {
    padding: 0 1rem;
  }
}

@media (min-width:20rem) and (max-width:37.4375rem) {
  .c0 {
    line-height: 1.125rem;
  }
}

@media (min-width:37.5rem) {
  .c0 {
    font-size: 0.8125rem;
  }
}

<div
  class="c0"
>
  <div
    class="c1"
  >
    <ul
      class="c2"
      role="list"
    >
      <li
        class="c3"
        role="listitem"
      >
        <a
          class="c4 c5"
          href="https://www.bbc.co.uk/news"
        >
          <span
            class="c6"
          >
            Link0
          </span>
        </a>
      </li>
      <li
        class="c3"
        role="listitem"
      >
        <a
          class="c4 c5"
          href="https://www.bbc.co.uk/news"
        >
          <span
            class="c6"
          >
            Link1
          </span>
        </a>
      </li>
      <li
        class="c3"
        role="listitem"
      >
        <a
          class="c4 c5"
          href="https://www.bbc.co.uk/news"
        >
          <span
            class="c6"
          >
            Link2
          </span>
        </a>
      </li>
      <li
        class="c3"
        role="listitem"
      >
        <a
          class="c4 c5"
          href="https://www.bbc.co.uk/news"
        >
          <span
            class="c6"
          >
            Link3
          </span>
        </a>
      </li>
      <li
        class="c3"
        role="listitem"
      >
        <a
          class="c4 c5"
          href="https://www.bbc.co.uk/news"
        >
          <span
            class="c6"
          >
            Link4
          </span>
        </a>
      </li>
      <li
        class="c3"
        role="listitem"
      >
        <a
          class="c4 c5"
          href="https://www.bbc.co.uk/news"
        >
          <span
            class="c6"
          >
            Link5
          </span>
        </a>
      </li>
      <li
        class="c3"
        role="listitem"
      >
        <a
          class="c4 c5"
          href="https://www.bbc.co.uk/news"
        >
          <span
            class="c6"
          >
            Link6
          </span>
        </a>
      </li>
    </ul>
    <p
      class="c7"
    >
      <span>
        Text here.
      </span>
       
      <a
        class="c4 c8"
        href="https://www.bbc.co.uk/news"
      >
        <span
          class="c6"
        >
          Link
        </span>
      </a>
    </p>
  </div>
</div>
`;
