// Jest Snapshot v1, https://goo.gl/fbAQLP

exports[`Navigation should render correctly 1`] = `
.c8 {
  -webkit-clip-path: inset(100%);
  clip-path: inset(100%);
  -webkit-clip: rect(1px,1px,1px,1px);
  clip: rect(1px,1px,1px,1px);
  height: 1px;
  overflow: hidden;
  position: absolute;
  width: 1px;
  margin: 0;
}

.c1 {
  position: relative;
  max-width: 80rem;
  margin: 0 auto;
}

.c2 {
  position: absolute;
  -webkit-clip-path: inset(100%);
  clip-path: inset(100%);
  -webkit-clip: rect(1px,1px,1px,1px);
  clip: rect(1px,1px,1px,1px);
  height: 1px;
  width: 1px;
  overflow: hidden;
  padding: 0.75rem 0.5rem;
  background-color: #ffffff;
  border: 0.1875rem solid #000;
  color: #333;
  -webkit-text-decoration: none;
  text-decoration: none;
  font-size: 0.9375rem;
  line-height: 1.25rem;
  font-family: ReithSans,Helvetica,Arial,sans-serif;
  font-weight: 400;
  font-style: normal;
}

.c2:focus {
  -webkit-clip-path: none;
  clip-path: none;
  -webkit-clip: auto;
  clip: auto;
  height: auto;
  width: auto;
  top: -3rem;
  left: 0.5rem;
}

.c3 {
  list-style-type: none;
  padding: 0;
  margin: 0;
  position: relative;
  overflow: hidden;
}

.c5 {
  display: inline-block;
  position: relative;
  z-index: 2;
}

.c5::after {
  content: '';
  position: absolute;
  bottom: 0;
  width: 80rem;
  border-bottom: 0.0625rem solid #eab3b3;
  z-index: -1;
}

.c6 {
  font-size: 0.9375rem;
  line-height: 1.25rem;
  font-family: ReithSans,Helvetica,Arial,sans-serif;
  font-weight: 400;
  font-style: normal;
  color: #FDFDFD;
  cursor: pointer;
  -webkit-text-decoration: none;
  text-decoration: none;
  display: inline-block;
  padding: 0.75rem 1rem;
}

.c6:hover::after {
  content: '';
  position: absolute;
  left: 0;
  right: 0;
  bottom: 0;
  border-bottom: 0.25rem solid #FFFFFF;
  border-bottom: 0.3125rem solid #FFFFFF;
}

.c6:focus::after {
  content: '';
  position: absolute;
  left: 0;
  right: 0;
  bottom: 0;
  border-bottom: 0.25rem solid #FFFFFF;
  top: 0;
  border: 0.25rem solid #FFFFFF;
}

.c9 {
  font-size: 0.9375rem;
  line-height: 1.25rem;
  font-family: ReithSans,Helvetica,Arial,sans-serif;
  font-weight: 400;
  font-style: normal;
  color: #FDFDFD;
  cursor: pointer;
  -webkit-text-decoration: none;
  text-decoration: none;
  display: inline-block;
  padding: 0.75rem 1rem;
}

.c9:hover::after {
  content: '';
  position: absolute;
  left: 0;
  right: 0;
  bottom: 0;
  border-bottom: 0.25rem solid #FFFFFF;
}

.c9:focus::after {
  content: '';
  position: absolute;
  left: 0;
  right: 0;
  bottom: 0;
  border-bottom: 0.25rem solid #FFFFFF;
  top: 0;
  border: 0.25rem solid #FFFFFF;
}

.c7::after {
  content: '';
  position: absolute;
  left: 0;
  right: 0;
  bottom: 0;
  border-bottom: 0.25rem solid #FFFFFF;
}

.c0 {
  background-color: #B80000;
}

.c0 .c4::after {
  left: 0;
}

@media (min-width:20rem) and (max-width:37.4375rem) {
  .c2 {
    font-size: 1rem;
    line-height: 1.25rem;
  }
}

@media (min-width:37.5rem) {
  .c2 {
    font-size: 1rem;
    line-height: 1.25rem;
  }
}

@media (min-width:37.5rem) {
  .c2:focus {
    top: -4rem;
  }
}

@media (min-width:80rem) {
  .c2:focus {
    left: 0;
  }
}

@media (min-width:20rem) and (max-width:37.4375rem) {
  .c6 {
    font-size: 1rem;
    line-height: 1.25rem;
  }
}

@media (min-width:37.5rem) {
  .c6 {
    font-size: 1rem;
    line-height: 1.25rem;
  }
}

@media (max-width:24.9375rem) {
  .c6 {
    padding: 0.75rem 0.5rem;
  }
}

@media (min-width:20rem) and (max-width:37.4375rem) {
  .c9 {
    font-size: 1rem;
    line-height: 1.25rem;
  }
}

@media (min-width:37.5rem) {
  .c9 {
    font-size: 1rem;
    line-height: 1.25rem;
  }
}

@media (max-width:24.9375rem) {
  .c9 {
    padding: 0.75rem 0.5rem;
  }
}

<nav
  class="c0"
  dir="ltr"
  role="navigation"
>
  <div
    class="c1"
  >
    <a
      class="c2"
      href="#content"
    >
      Wụga n’ọdịnaya
    </a>
    <ul
      class="c3"
      role="list"
    >
      <li
        class="c4 c5"
        role="listitem"
      >
        <a
          class="c6"
          href="/igbo"
        >
          <span
            class="c7"
            role="text"
          >
            <span
              class="c8"
            >
              Current page
              , 
            </span>
            Akụkọ
          </span>
        </a>
      </li>
      <li
        class="c4 c5"
        role="listitem"
      >
        <a
          class="c9"
          href="/igbo/egwuregwu"
        >
          Egwuregwu
        </a>
      </li>
      <li
        class="c4 c5"
        role="listitem"
      >
        <a
          class="c9"
          href="/igbo/media/video"
        >
          Ihe nkiri
        </a>
      </li>
      <li
        class="c4 c5"
        role="listitem"
      >
        <a
          class="c9"
          href="/igbo/popular/read"
        >
          Nke ka ewuewu
        </a>
      </li>
    </ul>
  </div>
</nav>
`;
