// Jest Snapshot v1, https://goo.gl/fbAQLP

exports[`Psammead Styles - Fonts should match ISKOOLA POTA BBC BOLD base font url 1`] = `
"
  @font-face {
    font-family: \\"Iskoola Pota BBC\\";
    font-weight: 700;
    font-style: normal;
    src: url('https://ws-downloads.files.bbci.co.uk/fonts/IskoolaPota/v5.91/bold.woff') format('woff'), url('https://ws-downloads.files.bbci.co.uk/fonts/IskoolaPota/v5.91/bold.eot') format('eot'), url('https://ws-downloads.files.bbci.co.uk/fonts/IskoolaPota/v5.91/bold.ttf') format('ttf');
    font-display: swap;
  }
"
`;

exports[`Psammead Styles - Fonts should match ISKOOLA POTA BBC REGULAR base font url 1`] = `
"
  @font-face {
    font-family: \\"Iskoola Pota BBC\\";
    font-weight: 400;
    font-style: normal;
    src: url('https://ws-downloads.files.bbci.co.uk/fonts/IskoolaPota/v5.91/normal.woff') format('woff'), url('https://ws-downloads.files.bbci.co.uk/fonts/IskoolaPota/v5.91/normal.eot') format('eot'), url('https://ws-downloads.files.bbci.co.uk/fonts/IskoolaPota/v5.91/normal.ttf') format('ttf');
    font-display: swap;
  }"
`;

exports[`Psammead Styles - Fonts should match LATHA BOLD base font url 1`] = `
"
  @font-face {
    font-family: \\"Latha\\";
    font-weight: 700;
    font-style: normal;
    src: url('https://ws-downloads.files.bbci.co.uk/fonts/Latha/v5.90/bold.woff') format('woff'), url('https://ws-downloads.files.bbci.co.uk/fonts/Latha/v5.90/bold.eot') format('eot'), url('https://ws-downloads.files.bbci.co.uk/fonts/Latha/v5.90/bold.ttf') format('ttf');
    font-display: swap;
  }
"
`;

exports[`Psammead Styles - Fonts should match LATHA REGULAR base font url 1`] = `
"
  @font-face {
    font-family: \\"Latha\\";
    font-weight: 400;
    font-style: normal;
    src: url('https://ws-downloads.files.bbci.co.uk/fonts/Latha/v5.90/normal.woff') format('woff'), url('https://ws-downloads.files.bbci.co.uk/fonts/Latha/v5.90/normal.eot') format('eot'), url('https://ws-downloads.files.bbci.co.uk/fonts/Latha/v5.90/normal.ttf') format('ttf');
    font-display: swap;
  }"
`;

exports[`Psammead Styles - Fonts should match MALLANNA REGULAR base font url 1`] = `
"
  @font-face {
    font-family: \\"Mallanna\\";
    font-weight: 400;
    font-style: normal;
    src: url('https://ws-downloads.files.bbci.co.uk/fonts/Mallanna/v1.0.4/normal.woff') format('woff'), url('https://ws-downloads.files.bbci.co.uk/fonts/Mallanna/v1.0.4/normal.eot') format('eot'), url('https://ws-downloads.files.bbci.co.uk/fonts/Mallanna/v1.0.4/normal.ttf') format('ttf');
    font-display: swap;
  }
"
`;

exports[`Psammead Styles - Fonts should match NASSIM ARABIC BOLD base font url 1`] = `
"
  @font-face {
    font-family: \\"BBC Nassim Arabic\\";
    font-weight: 700;
    font-style: normal;
    src: url('https://ws-downloads.files.bbci.co.uk/fonts/NassimArabic/v1.441/bold.woff') format('woff'), url('https://ws-downloads.files.bbci.co.uk/fonts/NassimArabic/v1.441/bold.eot') format('eot'), url('https://ws-downloads.files.bbci.co.uk/fonts/NassimArabic/v1.441/bold.ttf') format('ttf');
    font-display: optional;
  }
"
`;

exports[`Psammead Styles - Fonts should match NASSIM ARABIC REGULAR base font url 1`] = `
"
  @font-face {
    font-family: \\"BBC Nassim Arabic\\";
    font-weight: 400;
    font-style: normal;
    src: url('https://ws-downloads.files.bbci.co.uk/fonts/NassimArabic/v1.441/normal.woff') format('woff'), url('https://ws-downloads.files.bbci.co.uk/fonts/NassimArabic/v1.441/normal.eot') format('eot'), url('https://ws-downloads.files.bbci.co.uk/fonts/NassimArabic/v1.441/normal.ttf') format('ttf');
    font-display: optional;
  }
"
`;

exports[`Psammead Styles - Fonts should match NASSIM PASHTO BOLD base font url 1`] = `
"
  @font-face {
    font-family: \\"BBC Nassim Pashto\\";
    font-weight: 700;
    font-style: normal;
    src: url('https://ws-downloads.files.bbci.co.uk/fonts/NassimPashto/v1.57/bold.woff') format('woff'), url('https://ws-downloads.files.bbci.co.uk/fonts/NassimPashto/v1.57/bold.eot') format('eot'), url('https://ws-downloads.files.bbci.co.uk/fonts/NassimPashto/v1.57/bold.ttf') format('ttf');
    font-display: optional;
  }
"
`;

exports[`Psammead Styles - Fonts should match NASSIM PASHTO REGULAR base font url 1`] = `
"
  @font-face {
    font-family: \\"BBC Nassim Pashto\\";
    font-weight: 400;
    font-style: normal;
    src: url('https://ws-downloads.files.bbci.co.uk/fonts/NassimPashto/v1.57/normal.woff') format('woff'), url('https://ws-downloads.files.bbci.co.uk/fonts/NassimPashto/v1.57/normal.eot') format('eot'), url('https://ws-downloads.files.bbci.co.uk/fonts/NassimPashto/v1.57/normal.ttf') format('ttf');
    font-display: optional;
  }
"
`;

exports[`Psammead Styles - Fonts should match NASSIM PERSIAN BOLD base font url 1`] = `
"
  @font-face {
    font-family: \\"BBC Nassim Persian\\";
    font-weight: 700;
    font-style: normal;
    src: url('https://ws-downloads.files.bbci.co.uk/fonts/NassimPersian/v1.511/bold.woff') format('woff'), url('https://ws-downloads.files.bbci.co.uk/fonts/NassimPersian/v1.511/bold.eot') format('eot'), url('https://ws-downloads.files.bbci.co.uk/fonts/NassimPersian/v1.511/bold.ttf') format('ttf');
    font-display: optional;
  }
"
`;

exports[`Psammead Styles - Fonts should match NASSIM PERSIAN REGULAR base font url 1`] = `
"
  @font-face {
    font-family: \\"BBC Nassim Persian\\";
    font-weight: 400;
    font-style: normal;
    src: url('https://ws-downloads.files.bbci.co.uk/fonts/NassimPersian/v1.511/normal.woff') format('woff'), url('https://ws-downloads.files.bbci.co.uk/fonts/NassimPersian/v1.511/normal.eot') format('eot'), url('https://ws-downloads.files.bbci.co.uk/fonts/NassimPersian/v1.511/normal.ttf') format('ttf');
    font-display: optional;
  }
"
`;

exports[`Psammead Styles - Fonts should match NASSIM URDU BOLD base font url 1`] = `
"
  @font-face {
    font-family: \\"BBC Nassim Urdu\\";
    font-weight: 700;
    font-style: normal;
    src: url('https://ws-downloads.files.bbci.co.uk/fonts/NassimUrdu/v1.60/bold.woff') format('woff'), url('https://ws-downloads.files.bbci.co.uk/fonts/NassimUrdu/v1.60/bold.eot') format('eot'), url('https://ws-downloads.files.bbci.co.uk/fonts/NassimUrdu/v1.60/bold.ttf') format('ttf');
    font-display: optional;
  }
"
`;

exports[`Psammead Styles - Fonts should match NASSIM URDU REGULAR base font url 1`] = `
"
  @font-face {
    font-family: \\"BBC Nassim Urdu\\";
    font-weight: 400;
    font-style: normal;
    src: url('https://ws-downloads.files.bbci.co.uk/fonts/NassimUrdu/v1.60/normal.woff') format('woff'), url('https://ws-downloads.files.bbci.co.uk/fonts/NassimUrdu/v1.60/normal.eot') format('eot'), url('https://ws-downloads.files.bbci.co.uk/fonts/NassimUrdu/v1.60/normal.ttf') format('ttf');
    font-display: optional;
  }
"
`;

exports[`Psammead Styles - Fonts should match NOTO SANS ETHIOPIC BOLD base font url 1`] = `
"
  @font-face {
    font-family: \\"Noto Sans Ethiopic\\";
    font-weight: 700;
    font-style: normal;
    src: url('https://ws-downloads.files.bbci.co.uk/fonts/NotoSansEthiopic/v1.901/bold.woff') format('woff'), url('https://ws-downloads.files.bbci.co.uk/fonts/NotoSansEthiopic/v1.901/bold.eot') format('eot'), url('https://ws-downloads.files.bbci.co.uk/fonts/NotoSansEthiopic/v1.901/bold.ttf') format('ttf');
    font-display: swap;
  }
"
`;

exports[`Psammead Styles - Fonts should match NOTO SANS ETHIOPIC REGULAR base font url 1`] = `
"
  @font-face {
    font-family: \\"Noto Sans Ethiopic\\";
    font-weight: 400;
    font-style: normal;
    src: url('https://ws-downloads.files.bbci.co.uk/fonts/NotoSansEthiopic/v1.901/normal.woff') format('woff'), url('https://ws-downloads.files.bbci.co.uk/fonts/NotoSansEthiopic/v1.901/normal.eot') format('eot'), url('https://ws-downloads.files.bbci.co.uk/fonts/NotoSansEthiopic/v1.901/normal.ttf') format('ttf');
    font-display: swap;
  }
  "
`;

exports[`Psammead Styles - Fonts should match PADAUK BOLD base font url 1`] = `
"
  @font-face {
    font-family: \\"Padauk\\";
    font-weight: 700;
    font-style: normal;
    src: url('https://ws-downloads.files.bbci.co.uk/fonts/Padauk/v2.8/bold.woff') format('woff'), url('https://ws-downloads.files.bbci.co.uk/fonts/Padauk/v2.8/bold.eot') format('eot'), url('https://ws-downloads.files.bbci.co.uk/fonts/Padauk/v2.8/bold.ttf') format('ttf');
    font-display: swap;
  }
"
`;

exports[`Psammead Styles - Fonts should match PADAUK REGULAR base font url 1`] = `
"
  @font-face {
    font-family: \\"Padauk\\";
    font-weight: 400;
    font-style: normal;
    src: url('https://ws-downloads.files.bbci.co.uk/fonts/Padauk/v2.8/normal.woff') format('woff'), url('https://ws-downloads.files.bbci.co.uk/fonts/Padauk/v2.8/normal.eot') format('eot'), url('https://ws-downloads.files.bbci.co.uk/fonts/Padauk/v2.8/normal.ttf') format('ttf');
    font-display: swap; 
  }"
`;

exports[`Psammead Styles - Fonts should match REITH SANS BOLD ITALIC base font url 1`] = `
"
  @font-face {
    font-family: \\"ReithSans\\";
    src: url(\\"https://gel.files.bbci.co.uk/r2.511/BBCReithSans_W_BdIt.woff2\\") format(\\"woff2\\"), url(\\"https://gel.files.bbci.co.uk/r2.511/BBCReithSans_W_BdIt.woff\\") format(\\"woff\\");
    font-weight: 700;
    font-style: italic;
    font-display: optional;
  }"
`;

exports[`Psammead Styles - Fonts should match REITH SANS BOLD base font url 1`] = `
"
  @font-face {
    font-family: \\"ReithSans\\";
    src: url(\\"https://gel.files.bbci.co.uk/r2.511/BBCReithSans_W_Bd.woff2\\") format(\\"woff2\\"), url(\\"https://gel.files.bbci.co.uk/r2.511/BBCReithSans_W_Bd.woff\\") format(\\"woff\\");
    font-weight: 700;
    font-display: optional;
  }"
`;

exports[`Psammead Styles - Fonts should match REITH SANS CONDENSED BOLD base font url 1`] = `
"
  @font-face {
      font-family: \\"ReithSansCondensed\\";
      font-weight: 700;
      src: url(\\"https://gel.files.bbci.co.uk/r2.511/BBCReithSansCd_W_Bd.woff2\\") format(\\"woff2\\"), url(\\"https://gel.files.bbci.co.uk/r2.511/BBCReithSansCd_W_Bd.woff\\") format(\\"woff\\");
      font-display: optional;
  }"
`;

exports[`Psammead Styles - Fonts should match REITH SANS CONDENSED REGULAR base font url 1`] = `
"
  @font-face {
      font-family: \\"ReithSansCondensed\\";
      src: url(\\"https://gel.files.bbci.co.uk/r2.511/BBCReithSansCd_W_Rg.woff2\\") format(\\"woff2\\"), url(\\"https://gel.files.bbci.co.uk/r2.511/BBCReithSansCd_W_Rg.woff\\") format(\\"woff\\");
      font-display: optional;
  }"
`;

exports[`Psammead Styles - Fonts should match REITH SANS EXTRA BOLD ITALIC base font url 1`] = `
"
  @font-face {
    font-family: \\"ReithSans\\";
    src: url(\\"https://gel.files.bbci.co.uk/r2.511/BBCReithSans_W_ExBdIt.woff2\\") format(\\"woff2\\"), url(\\"https://gel.files.bbci.co.uk/r2.511/BBCReithSans_W_ExBdIt.woff\\") format(\\"woff\\");
    font-weight: 800;
    font-style: italic;
    font-display: optional;
  }"
`;

exports[`Psammead Styles - Fonts should match REITH SANS EXTRA BOLD base font url 1`] = `
"
  @font-face {
    font-family: \\"ReithSans\\";
    src: url(\\"https://gel.files.bbci.co.uk/r2.511/BBCReithSans_W_ExBd.woff2\\") format(\\"woff2\\"), url(\\"https://gel.files.bbci.co.uk/r2.511/BBCReithSans_W_ExBd.woff\\") format(\\"woff\\");
    font-weight: 800;
    font-display: optional;
  }"
`;

exports[`Psammead Styles - Fonts should match REITH SANS ITALIC base font url 1`] = `
"
    @font-face {
    font-family: \\"ReithSans\\";
    src: url(\\"https://gel.files.bbci.co.uk/r2.511/BBCReithSans_W_It.woff2\\") format(\\"woff2\\"), url(\\"https://gel.files.bbci.co.uk/r2.511/BBCReithSans_W_It.woff\\") format(\\"woff\\");
    font-style: italic;
    font-display: optional;
  }"
`;

exports[`Psammead Styles - Fonts should match REITH SANS LIGHT ITALIC base font url 1`] = `
"
  @font-face {
    font-family: \\"ReithSans\\";
    src: url(\\"https://gel.files.bbci.co.uk/r2.511/BBCReithSans_W_LtIt.woff2\\") format(\\"woff2\\"), url(\\"https://gel.files.bbci.co.uk/r2.511/BBCReithSans_W_LtIt.woff\\") format(\\"woff\\");
    font-weight: 300;
    font-style: italic;
    font-display: optional;
  }"
`;

exports[`Psammead Styles - Fonts should match REITH SANS LIGHT base font url 1`] = `
"
  @font-face {
    font-family: \\"ReithSans\\";
    src: url(\\"https://gel.files.bbci.co.uk/r2.511/BBCReithSans_W_Lt.woff2\\") format(\\"woff2\\"), url(\\"https://gel.files.bbci.co.uk/r2.511/BBCReithSans_W_Lt.woff\\") format(\\"woff\\");
    font-weight: 300;
    font-display: optional;
  }"
`;

exports[`Psammead Styles - Fonts should match REITH SANS MEDIUM ITALIC base font url 1`] = `
"
  @font-face {
    font-family: \\"ReithSans\\";
    src: url(\\"https://gel.files.bbci.co.uk/r2.511/BBCReithSans_W_MdIt.woff2\\") format(\\"woff2\\"), url(\\"https://gel.files.bbci.co.uk/r2.511/BBCReithSans_W_MdIt.woff\\") format(\\"woff\\");
    font-weight: 500;
    font-style: italic;
    font-display: optional;
  }"
`;

exports[`Psammead Styles - Fonts should match REITH SANS MEDIUM base font url 1`] = `
"
  @font-face {
    font-family: \\"ReithSans\\";
    src: url(\\"https://gel.files.bbci.co.uk/r2.511/BBCReithSans_W_Md.woff2\\") format(\\"woff2\\"), url(\\"https://gel.files.bbci.co.uk/r2.511/BBCReithSans_W_Md.woff\\") format(\\"woff\\");
    font-weight: 500;
    font-display: optional;
  }"
`;

exports[`Psammead Styles - Fonts should match REITH SANS REGULAR base font url 1`] = `
"
  @font-face {
    font-family: \\"ReithSans\\";
    src: url(\\"https://gel.files.bbci.co.uk/r2.511/BBCReithSans_W_Rg.woff2\\") format(\\"woff2\\"), url(\\"https://gel.files.bbci.co.uk/r2.511/BBCReithSans_W_Rg.woff\\") format(\\"woff\\");
    font-display: optional;
  }"
`;

exports[`Psammead Styles - Fonts should match REITH SERIF BOLD ITALIC base font url 1`] = `
"
  @font-face {
    font-family: \\"ReithSerif\\";
    src: url(\\"https://gel.files.bbci.co.uk/r2.511/BBCReithSerif_W_BdIt.woff2\\") format(\\"woff2\\"), url(\\"https://gel.files.bbci.co.uk/r2.511/BBCReithSerif_W_BdIt.woff\\") format(\\"woff\\");
    font-weight: 700;
    font-style: italic;
    font-display: optional;
  }"
`;

exports[`Psammead Styles - Fonts should match REITH SERIF BOLD base font url 1`] = `
"
  @font-face {
    font-family: \\"ReithSerif\\";
    src: url(\\"https://gel.files.bbci.co.uk/r2.511/BBCReithSerif_W_Bd.woff2\\") format(\\"woff2\\"), url(\\"https://gel.files.bbci.co.uk/r2.511/BBCReithSerif_W_Bd.woff\\") format(\\"woff\\");
    font-weight: 700;
    font-display: optional;
  }"
`;

exports[`Psammead Styles - Fonts should match REITH SERIF EXTRA BOLD ITALIC base font url 1`] = `
"
  @font-face {
    font-family: \\"ReithSerif\\";
    src: url(\\"https://gel.files.bbci.co.uk/r2.511/BBCReithSerif_W_ExBdIt.woff2\\") format(\\"woff2\\"), url(\\"https://gel.files.bbci.co.uk/r2.511/BBCReithSerif_W_ExBdIt.woff\\") format(\\"woff\\");
    font-weight: 800;
    font-style: italic;
    font-display: optional;
  }"
`;

exports[`Psammead Styles - Fonts should match REITH SERIF EXTRA BOLD base font url 1`] = `
"
  @font-face {
    font-family: \\"ReithSerif\\";
    src: url(\\"https://gel.files.bbci.co.uk/r2.511/BBCReithSerif_W_ExBd.woff2\\") format(\\"woff2\\"), url(\\"https://gel.files.bbci.co.uk/r2.511/BBCReithSerif_W_ExBd.woff\\") format(\\"woff\\");
    font-weight: 800;
    font-display: optional;
  }"
`;

exports[`Psammead Styles - Fonts should match REITH SERIF ITALIC base font url 1`] = `
"
  @font-face {
    font-family: \\"ReithSerif\\";
    src: url(\\"https://gel.files.bbci.co.uk/r2.511/BBCReithSerif_W_It.woff2\\") format(\\"woff2\\"), url(\\"https://gel.files.bbci.co.uk/r2.511/BBCReithSerif_W_It.woff\\") format(\\"woff\\");
    font-style: italic;
    font-display: optional;
  }"
`;

exports[`Psammead Styles - Fonts should match REITH SERIF LIGHT ITALIC base font url 1`] = `
"
  @font-face {
    font-family: \\"ReithSerif\\";
    src: url(\\"https://gel.files.bbci.co.uk/r2.511/BBCReithSerif_W_LtIt.woff2\\") format(\\"woff2\\"), url(\\"https://gel.files.bbci.co.uk/r2.511/BBCReithSerif_W_LtIt.woff\\") format(\\"woff\\");
    font-weight: 300;
    font-style: italic;
    font-display: optional;
  }"
`;

exports[`Psammead Styles - Fonts should match REITH SERIF LIGHT base font url 1`] = `
"
  @font-face {
    font-family: \\"ReithSerif\\";
    src: url(\\"https://gel.files.bbci.co.uk/r2.511/BBCReithSerif_W_Lt.woff2\\") format(\\"woff2\\"), url(\\"https://gel.files.bbci.co.uk/r2.511/BBCReithSerif_W_Lt.woff\\") format(\\"woff\\");
    font-weight: 300;
    font-display: optional;
  }"
`;

exports[`Psammead Styles - Fonts should match REITH SERIF MEDIUM ITALIC base font url 1`] = `
"
  @font-face {
    font-family: \\"ReithSerif\\";
    src: url(\\"https://gel.files.bbci.co.uk/r2.511/BBCReithSerif_W_MdIt.woff2\\") format(\\"woff2\\"), url(\\"https://gel.files.bbci.co.uk/r2.511/BBCReithSerif_W_MdIt.woff\\") format(\\"woff\\");
    font-weight: 500;
    font-style: italic;
    font-display: optional;
  }"
`;

exports[`Psammead Styles - Fonts should match REITH SERIF MEDIUM base font url 1`] = `
"
  @font-face {
    font-family: \\"ReithSerif\\";
    src: url(\\"https://gel.files.bbci.co.uk/r2.511/BBCReithSerif_W_Md.woff2\\") format(\\"woff2\\"), url(\\"https://gel.files.bbci.co.uk/r2.511/BBCReithSerif_W_Md.woff\\") format(\\"woff\\");
    font-weight: 500;
    font-display: optional;
  }"
`;

exports[`Psammead Styles - Fonts should match REITH SERIF REGULAR base font url 1`] = `
"
  @font-face {
    font-family: \\"ReithSerif\\";
    src: url(\\"https://gel.files.bbci.co.uk/r2.511/BBCReithSerif_W_Rg.woff2\\") format(\\"woff2\\"), url(\\"https://gel.files.bbci.co.uk/r2.511/BBCReithSerif_W_Rg.woff\\") format(\\"woff\\");
    font-display: optional;
  }"
`;

exports[`Psammead Styles - Fonts should match SHONAR BANGLA BOLD base font url 1`] = `
"
  @font-face {
    font-family: \\"Shonar Bangla\\";
    font-weight: 700;
    font-style: normal;
    src: url('https://ws-downloads.files.bbci.co.uk/fonts/ShonarBangla/v5.91/bold.woff') format('woff'), url('https://ws-downloads.files.bbci.co.uk/fonts/ShonarBangla/v5.91/bold.eot') format('eot'), url('https://ws-downloads.files.bbci.co.uk/fonts/ShonarBangla/v5.91/bold.ttf') format('ttf');
    font-display: optional;
  }
"
`;

exports[`Psammead Styles - Fonts should match SHONAR BANGLA REGULAR base font url 1`] = `
"
  @font-face {
    font-family: \\"Shonar Bangla\\";
    font-weight: 400;
    font-style: normal;
    src: url('https://ws-downloads.files.bbci.co.uk/fonts/ShonarBangla/v5.91/normal.woff') format('woff'), url('https://ws-downloads.files.bbci.co.uk/fonts/ShonarBangla/v5.91/normal.eot') format('eot'), url('https://ws-downloads.files.bbci.co.uk/fonts/ShonarBangla/v5.91/normal.ttf') format('ttf');
    font-display: optional;
  }"
`;

exports[`Psammead Styles - Fonts should match the overridden url: https://example.com/ 1`] = `
"
  @font-face {
    font-family: \\"ReithSerif\\";
    src: url(\\"https://example.com/BBCReithSerif_W_Rg.woff2\\") format(\\"woff2\\"), url(\\"https://example.com/BBCReithSerif_W_Rg.woff\\") format(\\"woff\\");
    font-display: optional;
  }"
`;

exports[`Psammead Styles - Fonts should match the overridden url: https://example.com/ 2`] = `
"
  @font-face {
    font-family: \\"ReithSerif\\";
    src: url(\\"https://example.com/BBCReithSerif_W_It.woff2\\") format(\\"woff2\\"), url(\\"https://example.com/BBCReithSerif_W_It.woff\\") format(\\"woff\\");
    font-style: italic;
    font-display: optional;
  }"
`;

exports[`Psammead Styles - Fonts should match the overridden url: https://example.com/ 3`] = `
"
  @font-face {
    font-family: \\"ReithSerif\\";
    src: url(\\"https://example.com/BBCReithSerif_W_Bd.woff2\\") format(\\"woff2\\"), url(\\"https://example.com/BBCReithSerif_W_Bd.woff\\") format(\\"woff\\");
    font-weight: 700;
    font-display: optional;
  }"
`;

exports[`Psammead Styles - Fonts should match the overridden url: https://example.com/ 4`] = `
"
  @font-face {
    font-family: \\"ReithSerif\\";
    src: url(\\"https://example.com/BBCReithSerif_W_BdIt.woff2\\") format(\\"woff2\\"), url(\\"https://example.com/BBCReithSerif_W_BdIt.woff\\") format(\\"woff\\");
    font-weight: 700;
    font-style: italic;
    font-display: optional;
  }"
`;

exports[`Psammead Styles - Fonts should match the overridden url: https://example.com/ 5`] = `
"
  @font-face {
    font-family: \\"ReithSerif\\";
    src: url(\\"https://example.com/BBCReithSerif_W_Lt.woff2\\") format(\\"woff2\\"), url(\\"https://example.com/BBCReithSerif_W_Lt.woff\\") format(\\"woff\\");
    font-weight: 300;
    font-display: optional;
  }"
`;

exports[`Psammead Styles - Fonts should match the overridden url: https://example.com/ 6`] = `
"
  @font-face {
    font-family: \\"ReithSerif\\";
    src: url(\\"https://example.com/BBCReithSerif_W_LtIt.woff2\\") format(\\"woff2\\"), url(\\"https://example.com/BBCReithSerif_W_LtIt.woff\\") format(\\"woff\\");
    font-weight: 300;
    font-style: italic;
    font-display: optional;
  }"
`;

exports[`Psammead Styles - Fonts should match the overridden url: https://example.com/ 7`] = `
"
  @font-face {
    font-family: \\"ReithSerif\\";
    src: url(\\"https://example.com/BBCReithSerif_W_Md.woff2\\") format(\\"woff2\\"), url(\\"https://example.com/BBCReithSerif_W_Md.woff\\") format(\\"woff\\");
    font-weight: 500;
    font-display: optional;
  }"
`;

exports[`Psammead Styles - Fonts should match the overridden url: https://example.com/ 8`] = `
"
  @font-face {
    font-family: \\"ReithSerif\\";
    src: url(\\"https://example.com/BBCReithSerif_W_MdIt.woff2\\") format(\\"woff2\\"), url(\\"https://example.com/BBCReithSerif_W_MdIt.woff\\") format(\\"woff\\");
    font-weight: 500;
    font-style: italic;
    font-display: optional;
  }"
`;

exports[`Psammead Styles - Fonts should match the overridden url: https://example.com/ 9`] = `
"
  @font-face {
    font-family: \\"ReithSerif\\";
    src: url(\\"https://example.com/BBCReithSerif_W_ExBd.woff2\\") format(\\"woff2\\"), url(\\"https://example.com/BBCReithSerif_W_ExBd.woff\\") format(\\"woff\\");
    font-weight: 800;
    font-display: optional;
  }"
`;

exports[`Psammead Styles - Fonts should match the overridden url: https://example.com/ 10`] = `
"
  @font-face {
    font-family: \\"ReithSerif\\";
    src: url(\\"https://example.com/BBCReithSerif_W_ExBdIt.woff2\\") format(\\"woff2\\"), url(\\"https://example.com/BBCReithSerif_W_ExBdIt.woff\\") format(\\"woff\\");
    font-weight: 800;
    font-style: italic;
    font-display: optional;
  }"
`;

exports[`Psammead Styles - Fonts should match the overridden url: https://example.com/ 11`] = `
"
  @font-face {
    font-family: \\"ReithSans\\";
    src: url(\\"https://example.com/BBCReithSans_W_Rg.woff2\\") format(\\"woff2\\"), url(\\"https://example.com/BBCReithSans_W_Rg.woff\\") format(\\"woff\\");
    font-display: optional;
  }"
`;

exports[`Psammead Styles - Fonts should match the overridden url: https://example.com/ 12`] = `
"
    @font-face {
    font-family: \\"ReithSans\\";
    src: url(\\"https://example.com/BBCReithSans_W_It.woff2\\") format(\\"woff2\\"), url(\\"https://example.com/BBCReithSans_W_It.woff\\") format(\\"woff\\");
    font-style: italic;
    font-display: optional;
  }"
`;

exports[`Psammead Styles - Fonts should match the overridden url: https://example.com/ 13`] = `
"
  @font-face {
    font-family: \\"ReithSans\\";
    src: url(\\"https://example.com/BBCReithSans_W_Bd.woff2\\") format(\\"woff2\\"), url(\\"https://example.com/BBCReithSans_W_Bd.woff\\") format(\\"woff\\");
    font-weight: 700;
    font-display: optional;
  }"
`;

exports[`Psammead Styles - Fonts should match the overridden url: https://example.com/ 14`] = `
"
  @font-face {
    font-family: \\"ReithSans\\";
    src: url(\\"https://example.com/BBCReithSans_W_BdIt.woff2\\") format(\\"woff2\\"), url(\\"https://example.com/BBCReithSans_W_BdIt.woff\\") format(\\"woff\\");
    font-weight: 700;
    font-style: italic;
    font-display: optional;
  }"
`;

exports[`Psammead Styles - Fonts should match the overridden url: https://example.com/ 15`] = `
"
  @font-face {
    font-family: \\"ReithSans\\";
    src: url(\\"https://example.com/BBCReithSans_W_Lt.woff2\\") format(\\"woff2\\"), url(\\"https://example.com/BBCReithSans_W_Lt.woff\\") format(\\"woff\\");
    font-weight: 300;
    font-display: optional;
  }"
`;

exports[`Psammead Styles - Fonts should match the overridden url: https://example.com/ 16`] = `
"
  @font-face {
    font-family: \\"ReithSans\\";
    src: url(\\"https://example.com/BBCReithSans_W_LtIt.woff2\\") format(\\"woff2\\"), url(\\"https://example.com/BBCReithSans_W_LtIt.woff\\") format(\\"woff\\");
    font-weight: 300;
    font-style: italic;
    font-display: optional;
  }"
`;

exports[`Psammead Styles - Fonts should match the overridden url: https://example.com/ 17`] = `
"
  @font-face {
    font-family: \\"ReithSans\\";
    src: url(\\"https://example.com/BBCReithSans_W_Md.woff2\\") format(\\"woff2\\"), url(\\"https://example.com/BBCReithSans_W_Md.woff\\") format(\\"woff\\");
    font-weight: 500;
    font-display: optional;
  }"
`;

exports[`Psammead Styles - Fonts should match the overridden url: https://example.com/ 18`] = `
"
  @font-face {
    font-family: \\"ReithSans\\";
    src: url(\\"https://example.com/BBCReithSans_W_MdIt.woff2\\") format(\\"woff2\\"), url(\\"https://example.com/BBCReithSans_W_MdIt.woff\\") format(\\"woff\\");
    font-weight: 500;
    font-style: italic;
    font-display: optional;
  }"
`;

exports[`Psammead Styles - Fonts should match the overridden url: https://example.com/ 19`] = `
"
  @font-face {
    font-family: \\"ReithSans\\";
    src: url(\\"https://example.com/BBCReithSans_W_ExBd.woff2\\") format(\\"woff2\\"), url(\\"https://example.com/BBCReithSans_W_ExBd.woff\\") format(\\"woff\\");
    font-weight: 800;
    font-display: optional;
  }"
`;

exports[`Psammead Styles - Fonts should match the overridden url: https://example.com/ 20`] = `
"
  @font-face {
    font-family: \\"ReithSans\\";
    src: url(\\"https://example.com/BBCReithSans_W_ExBdIt.woff2\\") format(\\"woff2\\"), url(\\"https://example.com/BBCReithSans_W_ExBdIt.woff\\") format(\\"woff\\");
    font-weight: 800;
    font-style: italic;
    font-display: optional;
  }"
`;

exports[`Psammead Styles - Fonts should match the overridden url: https://example.com/ 21`] = `
"
  @font-face {
      font-family: \\"ReithSansCondensed\\";
      src: url(\\"https://example.com/BBCReithSansCd_W_Rg.woff2\\") format(\\"woff2\\"), url(\\"https://example.com/BBCReithSansCd_W_Rg.woff\\") format(\\"woff\\");
      font-display: optional;
  }"
`;

exports[`Psammead Styles - Fonts should match the overridden url: https://example.com/ 22`] = `
"
  @font-face {
      font-family: \\"ReithSansCondensed\\";
      font-weight: 700;
      src: url(\\"https://example.com/BBCReithSansCd_W_Bd.woff2\\") format(\\"woff2\\"), url(\\"https://example.com/BBCReithSansCd_W_Bd.woff\\") format(\\"woff\\");
      font-display: optional;
  }"
`;

exports[`Psammead Styles - Fonts should match the overridden url: https://example.com/ 23`] = `
"
  @font-face {
    font-family: \\"BBC Nassim Arabic\\";
    font-weight: 400;
    font-style: normal;
    src: url('https://example.com/normal.woff') format('woff'), url('https://example.com/normal.eot') format('eot'), url('https://example.com/normal.ttf') format('ttf');
    font-display: optional;
  }
"
`;

exports[`Psammead Styles - Fonts should match the overridden url: https://example.com/ 24`] = `
"
  @font-face {
    font-family: \\"BBC Nassim Arabic\\";
    font-weight: 700;
    font-style: normal;
    src: url('https://example.com/bold.woff') format('woff'), url('https://example.com/bold.eot') format('eot'), url('https://example.com/bold.ttf') format('ttf');
    font-display: optional;
  }
"
`;

exports[`Psammead Styles - Fonts should match the overridden url: https://example.com/ 25`] = `
"
  @font-face {
    font-family: \\"BBC Nassim Pashto\\";
    font-weight: 400;
    font-style: normal;
    src: url('https://example.com/normal.woff') format('woff'), url('https://example.com/normal.eot') format('eot'), url('https://example.com/normal.ttf') format('ttf');
    font-display: optional;
  }
"
`;

exports[`Psammead Styles - Fonts should match the overridden url: https://example.com/ 26`] = `
"
  @font-face {
    font-family: \\"BBC Nassim Pashto\\";
    font-weight: 700;
    font-style: normal;
    src: url('https://example.com/bold.woff') format('woff'), url('https://example.com/bold.eot') format('eot'), url('https://example.com/bold.ttf') format('ttf');
    font-display: optional;
  }
"
`;

exports[`Psammead Styles - Fonts should match the overridden url: https://example.com/ 27`] = `
"
  @font-face {
    font-family: \\"BBC Nassim Persian\\";
    font-weight: 400;
    font-style: normal;
    src: url('https://example.com/normal.woff') format('woff'), url('https://ws-downloads.files.bbci.co.uk/fonts/NassimPersian/v1.511/normal.eot') format('eot'), url('https://example.com/normal.ttf') format('ttf');
    font-display: optional;
  }
"
`;

exports[`Psammead Styles - Fonts should match the overridden url: https://example.com/ 28`] = `
"
  @font-face {
    font-family: \\"BBC Nassim Persian\\";
    font-weight: 700;
    font-style: normal;
    src: url('https://example.com/bold.woff') format('woff'), url('https://ws-downloads.files.bbci.co.uk/fonts/NassimPersian/v1.511/bold.eot') format('eot'), url('https://example.com/bold.ttf') format('ttf');
    font-display: optional;
  }
"
`;

exports[`Psammead Styles - Fonts should match the overridden url: https://example.com/ 29`] = `
"
  @font-face {
    font-family: \\"BBC Nassim Urdu\\";
    font-weight: 400;
    font-style: normal;
    src: url('https://example.com/normal.woff') format('woff'), url('https://example.com/normal.eot') format('eot'), url('https://example.com/normal.ttf') format('ttf');
    font-display: optional;
  }
"
`;

exports[`Psammead Styles - Fonts should match the overridden url: https://example.com/ 30`] = `
"
  @font-face {
    font-family: \\"BBC Nassim Urdu\\";
    font-weight: 700;
    font-style: normal;
    src: url('https://example.com/bold.woff') format('woff'), url('https://example.com/bold.eot') format('eot'), url('https://example.com/bold.ttf') format('ttf');
    font-display: optional;
  }
"
`;

exports[`Psammead Styles - Fonts should match the overridden url: https://example.com/ 31`] = `
"
  @font-face {
    font-family: \\"Iskoola Pota BBC\\";
    font-weight: 400;
    font-style: normal;
    src: url('https://example.com/normal.woff') format('woff'), url('https://example.com/normal.eot') format('eot'), url('https://example.com/normal.ttf') format('ttf');
    font-display: swap;
  }"
`;

exports[`Psammead Styles - Fonts should match the overridden url: https://example.com/ 32`] = `
"
  @font-face {
    font-family: \\"Iskoola Pota BBC\\";
    font-weight: 700;
    font-style: normal;
    src: url('https://example.com/bold.woff') format('woff'), url('https://example.com/bold.eot') format('eot'), url('https://example.com/bold.ttf') format('ttf');
    font-display: swap;
  }
"
`;

exports[`Psammead Styles - Fonts should match the overridden url: https://example.com/ 33`] = `
"
  @font-face {
    font-family: \\"Latha\\";
    font-weight: 400;
    font-style: normal;
    src: url('https://example.com/normal.woff') format('woff'), url('https://example.com/normal.eot') format('eot'), url('https://example.com/normal.ttf') format('ttf');
    font-display: swap;
  }"
`;

exports[`Psammead Styles - Fonts should match the overridden url: https://example.com/ 34`] = `
"
  @font-face {
    font-family: \\"Latha\\";
    font-weight: 700;
    font-style: normal;
    src: url('https://example.com/bold.woff') format('woff'), url('https://example.com/bold.eot') format('eot'), url('https://example.com/bold.ttf') format('ttf');
    font-display: swap;
  }
"
`;

exports[`Psammead Styles - Fonts should match the overridden url: https://example.com/ 35`] = `
"
  @font-face {
    font-family: \\"Mallanna\\";
    font-weight: 400;
    font-style: normal;
    src: url('https://example.com/normal.woff') format('woff'), url('https://example.com/normal.eot') format('eot'), url('https://example.com/normal.ttf') format('ttf');
    font-display: swap;
  }
"
`;

exports[`Psammead Styles - Fonts should match the overridden url: https://example.com/ 36`] = `
"
  @font-face {
    font-family: \\"Noto Sans Ethiopic\\";
    font-weight: 400;
    font-style: normal;
    src: url('https://example.com/normal.woff') format('woff'), url('https://example.com/normal.eot') format('eot'), url('https://example.com/normal.ttf') format('ttf');
    font-display: swap;
  }
  "
`;

exports[`Psammead Styles - Fonts should match the overridden url: https://example.com/ 37`] = `
"
  @font-face {
    font-family: \\"Noto Sans Ethiopic\\";
    font-weight: 700;
    font-style: normal;
    src: url('https://example.com/bold.woff') format('woff'), url('https://example.com/bold.eot') format('eot'), url('https://example.com/bold.ttf') format('ttf');
    font-display: swap;
  }
"
`;

exports[`Psammead Styles - Fonts should match the overridden url: https://example.com/ 38`] = `
"
  @font-face {
    font-family: \\"Padauk\\";
    font-weight: 400;
    font-style: normal;
    src: url('https://example.com/normal.woff') format('woff'), url('https://example.com/normal.eot') format('eot'), url('https://example.com/normal.ttf') format('ttf');
    font-display: swap; 
  }"
`;

exports[`Psammead Styles - Fonts should match the overridden url: https://example.com/ 39`] = `
"
  @font-face {
    font-family: \\"Padauk\\";
    font-weight: 700;
    font-style: normal;
    src: url('https://example.com/bold.woff') format('woff'), url('https://example.com/bold.eot') format('eot'), url('https://example.com/bold.ttf') format('ttf');
    font-display: swap;
  }
"
`;

exports[`Psammead Styles - Fonts should match the overridden url: https://example.com/ 40`] = `
"
  @font-face {
    font-family: \\"Shonar Bangla\\";
    font-weight: 400;
    font-style: normal;
    src: url('https://example.com/normal.woff') format('woff'), url('https://example.com/normal.eot') format('eot'), url('https://example.com/normal.ttf') format('ttf');
    font-display: optional;
  }"
`;

exports[`Psammead Styles - Fonts should match the overridden url: https://example.com/ 41`] = `
"
  @font-face {
    font-family: \\"Shonar Bangla\\";
    font-weight: 700;
    font-style: normal;
    src: url('https://example.com/bold.woff') format('woff'), url('https://example.com/bold.eot') format('eot'), url('https://example.com/bold.ttf') format('ttf');
    font-display: optional;
  }
"
`;
