// Jest Snapshot v1, https://goo.gl/fbAQLP

exports[`Media Player: Canonical should render an iframe 1`] = `
.c0 {
  position: absolute;
  top: 0;
  left: 0;
  width: 100%;
  height: 100%;
  border: 0;
  overflow: hidden;
}

<iframe
  allow="autoplay; fullscreen"
  allowfullscreen=""
  class="c0"
  src="https://foo.bar/iframe"
/>
`;
