// Jest Snapshot v1, https://goo.gl/fbAQLP

exports[`Media Player: Amp should render an amp-iframe with an amp-img nested inside 1`] = `
<html>
  <head>
    <script
      async="true"
      custom-element="amp-iframe"
      src="https://cdn.ampproject.org/v0/amp-iframe-0.1.js"
    />
  </head>
  <body>
    <div>
      <amp-iframe
        allowfullscreen="allowfullscreen"
        frameborder="0"
        layout="fill"
        sandbox="allow-scripts allow-same-origin"
        src="https://foo.bar/iframe"
      >
        <amp-img
          layout="fill"
          placeholder="true"
          src="https://foo.bar/placeholder.png"
        />
      </amp-iframe>
    </div>
  </body>
</html>
`;
