// Jest Snapshot v1, https://goo.gl/fbAQLP

exports[`MediaIndicator - Top Story should render a top story audio promo render correctly 1`] = `
.c2 {
  vertical-align: middle;
  margin: 0 0.25rem;
  color: #222222;
  fill: currentColor;
  width: 0.8125rem;
  height: 0.75rem;
}

.c0 {
  padding: 0.5rem 0.25rem;
  background-color: #FFFFFF;
  display: block;
  font-family: ReithSans,Helvetica,Arial,sans-serif;
  font-weight: 400;
  font-style: normal;
  font-size: 0.75rem;
  line-height: 1rem;
  color: #222222;
  height: 2rem;
}

.c1 {
  display: -webkit-box;
  display: -webkit-flex;
  display: -ms-flexbox;
  display: flex;
  -webkit-align-items: center;
  -webkit-box-align: center;
  -ms-flex-align: center;
  align-items: center;
  height: 100%;
}

.c3 {
  vertical-align: middle;
  margin: 0 0.25rem;
}

<div
  aria-hidden="true"
  class="c0"
>
  <div
    class="c1"
  >
    <svg
      class="c2"
      focusable="false"
      height="12px"
      viewBox="0 0 13 12"
      width="13px"
    >
      <path
        d="M9.021 1.811l-.525.525c.938.938 1.5 2.25 1.5 3.675s-.563 2.738-1.5 3.675l.525.525c1.05-1.087 1.725-2.55 1.725-4.2s-.675-3.112-1.725-4.2z"
      />
      <path
        d="M10.596.199l-.525.562c1.35 1.35 2.175 3.225 2.175 5.25s-.825 3.9-2.175 5.25l.525.525c1.5-1.462 2.4-3.525 2.4-5.775s-.9-4.312-2.4-5.812zM6.996 1.511l-2.25 2.25H.996v4.5h3.75l2.25 2.25z"
      />
    </svg>
    <time
      class="c3"
      datetime="PT2M15S"
    >
      2:15
    </time>
  </div>
</div>
`;

exports[`MediaIndicator should render Index Also video indicator correctly 1`] = `
.c1 {
  vertical-align: middle;
  margin: 0 0.25rem;
  color: #222222;
  fill: currentColor;
  width: 0.75rem;
  height: 0.75rem;
}

.c0 > svg {
  margin: 0;
}

<span
  aria-hidden="true"
  class="c0"
>
  <svg
    class="c1"
    focusable="false"
    height="12px"
    viewBox="0 0 32 32"
    width="12px"
  >
    <polygon
      points="3,32 29,16 3,0"
    />
  </svg>
</span>
`;

exports[`MediaIndicator should render audio correctly without duration details 1`] = `
.c2 {
  vertical-align: middle;
  margin: 0 0.25rem;
  color: #222222;
  fill: currentColor;
  width: 0.8125rem;
  height: 0.75rem;
}

.c0 {
  padding: 0.5rem 0.25rem;
  background-color: #FFFFFF;
  display: block;
  font-family: ReithSans,Helvetica,Arial,sans-serif;
  font-weight: 400;
  font-style: normal;
  font-size: 0.75rem;
  line-height: 1rem;
  color: #222222;
  height: 2rem;
}

.c1 {
  display: -webkit-box;
  display: -webkit-flex;
  display: -ms-flexbox;
  display: flex;
  -webkit-align-items: center;
  -webkit-box-align: center;
  -ms-flex-align: center;
  align-items: center;
  height: 100%;
}

@media (max-width:24.9375rem) {
  .c0 {
    height: 1.25rem;
    padding: 0.25rem 0.25rem 0;
  }
}

<div
  aria-hidden="true"
  class="c0"
>
  <div
    class="c1"
  >
    <svg
      class="c2"
      focusable="false"
      height="12px"
      viewBox="0 0 13 12"
      width="13px"
    >
      <path
        d="M9.021 1.811l-.525.525c.938.938 1.5 2.25 1.5 3.675s-.563 2.738-1.5 3.675l.525.525c1.05-1.087 1.725-2.55 1.725-4.2s-.675-3.112-1.725-4.2z"
      />
      <path
        d="M10.596.199l-.525.562c1.35 1.35 2.175 3.225 2.175 5.25s-.825 3.9-2.175 5.25l.525.525c1.5-1.462 2.4-3.525 2.4-5.775s-.9-4.312-2.4-5.812zM6.996 1.511l-2.25 2.25H.996v4.5h3.75l2.25 2.25z"
      />
    </svg>
  </div>
</div>
`;

exports[`MediaIndicator should render audio indicator correctly 1`] = `
.c2 {
  vertical-align: middle;
  margin: 0 0.25rem;
  color: #222222;
  fill: currentColor;
  width: 0.8125rem;
  height: 0.75rem;
}

.c0 {
  padding: 0.5rem 0.25rem;
  background-color: #FFFFFF;
  display: block;
  font-family: ReithSans,Helvetica,Arial,sans-serif;
  font-weight: 400;
  font-style: normal;
  font-size: 0.75rem;
  line-height: 1rem;
  color: #222222;
  height: 2rem;
}

.c1 {
  display: -webkit-box;
  display: -webkit-flex;
  display: -ms-flexbox;
  display: flex;
  -webkit-align-items: center;
  -webkit-box-align: center;
  -ms-flex-align: center;
  align-items: center;
  height: 100%;
}

.c3 {
  vertical-align: middle;
  margin: 0 0.25rem;
}

@media (max-width:24.9375rem) {
  .c0 {
    height: 1.25rem;
    padding: 0.25rem 0.25rem 0;
  }
}

<div
  aria-hidden="true"
  class="c0"
>
  <div
    class="c1"
  >
    <svg
      class="c2"
      focusable="false"
      height="12px"
      viewBox="0 0 13 12"
      width="13px"
    >
      <path
        d="M9.021 1.811l-.525.525c.938.938 1.5 2.25 1.5 3.675s-.563 2.738-1.5 3.675l.525.525c1.05-1.087 1.725-2.55 1.725-4.2s-.675-3.112-1.725-4.2z"
      />
      <path
        d="M10.596.199l-.525.562c1.35 1.35 2.175 3.225 2.175 5.25s-.825 3.9-2.175 5.25l.525.525c1.5-1.462 2.4-3.525 2.4-5.775s-.9-4.312-2.4-5.812zM6.996 1.511l-2.25 2.25H.996v4.5h3.75l2.25 2.25z"
      />
    </svg>
    <time
      class="c3"
      datetime="PT2M15S"
    >
      2:15
    </time>
  </div>
</div>
`;

exports[`MediaIndicator should render photogallery correctly 1`] = `
.c2 {
  vertical-align: middle;
  margin: 0 0.25rem;
  color: #222222;
  fill: currentColor;
  width: 1rem;
  height: 0.8125rem;
}

.c0 {
  padding: 0.5rem 0.25rem;
  background-color: #FFFFFF;
  display: block;
  font-family: ReithSans,Helvetica,Arial,sans-serif;
  font-weight: 400;
  font-style: normal;
  font-size: 0.75rem;
  line-height: 1rem;
  color: #222222;
  height: 2rem;
}

.c1 {
  display: -webkit-box;
  display: -webkit-flex;
  display: -ms-flexbox;
  display: flex;
  -webkit-align-items: center;
  -webkit-box-align: center;
  -ms-flex-align: center;
  align-items: center;
  height: 100%;
}

@media (max-width:24.9375rem) {
  .c0 {
    height: 1.25rem;
    padding: 0.25rem 0.25rem 0;
  }
}

<div
  aria-hidden="true"
  class="c0"
>
  <div
    class="c1"
  >
    <svg
      class="c2"
      focusable="false"
      height="13px"
      viewBox="0 0 32 26"
      width="16px"
    >
      <path
        d="M9,2V0H4V2H0V26H32V2ZM6.5,10A2.5,2.5,0,1,1,9,7.52,2.5,2.5,0,0,1,6.5,10ZM20,23a9,9,0,1,1,9-9A9,9,0,0,1,20,23Z"
      />
      <circle
        cx="20"
        cy="14.02"
        r="5.5"
      />
    </svg>
  </div>
</div>
`;

exports[`MediaIndicator should render video by default 1`] = `
.c2 {
  vertical-align: middle;
  margin: 0 0.25rem;
  color: #222222;
  fill: currentColor;
  width: 0.75rem;
  height: 0.75rem;
}

.c0 {
  padding: 0.5rem 0.25rem;
  background-color: #FFFFFF;
  display: block;
  font-family: ReithSans,Helvetica,Arial,sans-serif;
  font-weight: 400;
  font-style: normal;
  font-size: 0.75rem;
  line-height: 1rem;
  color: #222222;
  height: 2rem;
}

.c1 {
  display: -webkit-box;
  display: -webkit-flex;
  display: -ms-flexbox;
  display: flex;
  -webkit-align-items: center;
  -webkit-box-align: center;
  -ms-flex-align: center;
  align-items: center;
  height: 100%;
}

@media (max-width:24.9375rem) {
  .c0 {
    height: 1.25rem;
    padding: 0.25rem 0.25rem 0;
  }
}

<div
  aria-hidden="true"
  class="c0"
>
  <div
    class="c1"
  >
    <svg
      class="c2"
      focusable="false"
      height="12px"
      viewBox="0 0 32 32"
      width="12px"
    >
      <polygon
        points="3,32 29,16 3,0"
      />
    </svg>
  </div>
</div>
`;

exports[`MediaIndicator should render video correctly without duration details 1`] = `
.c2 {
  vertical-align: middle;
  margin: 0 0.25rem;
  color: #222222;
  fill: currentColor;
  width: 0.75rem;
  height: 0.75rem;
}

.c0 {
  padding: 0.5rem 0.25rem;
  background-color: #FFFFFF;
  display: block;
  font-family: ReithSans,Helvetica,Arial,sans-serif;
  font-weight: 400;
  font-style: normal;
  font-size: 0.75rem;
  line-height: 1rem;
  color: #222222;
  height: 2rem;
}

.c1 {
  display: -webkit-box;
  display: -webkit-flex;
  display: -ms-flexbox;
  display: flex;
  -webkit-align-items: center;
  -webkit-box-align: center;
  -ms-flex-align: center;
  align-items: center;
  height: 100%;
}

@media (max-width:24.9375rem) {
  .c0 {
    height: 1.25rem;
    padding: 0.25rem 0.25rem 0;
  }
}

<div
  aria-hidden="true"
  class="c0"
>
  <div
    class="c1"
  >
    <svg
      class="c2"
      focusable="false"
      height="12px"
      viewBox="0 0 32 32"
      width="12px"
    >
      <polygon
        points="3,32 29,16 3,0"
      />
    </svg>
  </div>
</div>
`;

exports[`MediaIndicator should render video indicator correctly 1`] = `
.c2 {
  vertical-align: middle;
  margin: 0 0.25rem;
  color: #222222;
  fill: currentColor;
  width: 0.75rem;
  height: 0.75rem;
}

.c0 {
  padding: 0.5rem 0.25rem;
  background-color: #FFFFFF;
  display: block;
  font-family: ReithSans,Helvetica,Arial,sans-serif;
  font-weight: 400;
  font-style: normal;
  font-size: 0.75rem;
  line-height: 1rem;
  color: #222222;
  height: 2rem;
}

.c1 {
  display: -webkit-box;
  display: -webkit-flex;
  display: -ms-flexbox;
  display: flex;
  -webkit-align-items: center;
  -webkit-box-align: center;
  -ms-flex-align: center;
  align-items: center;
  height: 100%;
}

.c3 {
  vertical-align: middle;
  margin: 0 0.25rem;
}

@media (max-width:24.9375rem) {
  .c0 {
    height: 1.25rem;
    padding: 0.25rem 0.25rem 0;
  }
}

<div
  aria-hidden="true"
  class="c0"
>
  <div
    class="c1"
  >
    <svg
      class="c2"
      focusable="false"
      height="12px"
      viewBox="0 0 32 32"
      width="12px"
    >
      <polygon
        points="3,32 29,16 3,0"
      />
    </svg>
    <time
      class="c3"
      datetime="PT2M15S"
    >
      2:15
    </time>
  </div>
</div>
`;
