// Jest Snapshot v1, https://goo.gl/fbAQLP

exports[`Numerals should return Bengali numerals 1`] = `
Array [
  "০",
  "১",
  "২",
  "৩",
  "৪",
  "৫",
  "৬",
  "৭",
  "৮",
  "৯",
  "১০",
]
`;

exports[`Numerals should return Burmese numerals 1`] = `
Array [
  "၀",
  "၁",
  "၂",
  "၃",
  "၄",
  "၅",
  "၆",
  "၇",
  "၈",
  "၉",
  "၁၀",
]
`;

exports[`Numerals should return EasternArabic numerals 1`] = `
Array [
  "۰",
  "۱",
  "۲",
  "۳",
  "۴",
  "۵",
  "۶",
  "۷",
  "۸",
  "۹",
  "۱۰",
]
`;

exports[`Numerals should return WesternArabic numerals 1`] = `
Array [
  "0",
  "1",
  "2",
  "3",
  "4",
  "5",
  "6",
  "7",
  "8",
  "9",
  "10",
]
`;
